2025-12-30 10:06:11,047 - ProtonAppLogger - INFO - Bridge Controller Initialized
2025-12-30 10:09:06,202 - ProtonAppLogger - INFO - Bridge Controller Initialized
2025-12-30 10:19:19,273 - ProtonAppLogger - INFO - Bridge Controller Initialized
2025-12-30 10:21:15,908 - ProtonAppLogger - INFO - Bridge Controller Initialized
2025-12-30 10:21:45,027 - ProtonAppLogger - INFO - Bridge Controller Initialized
2025-12-30 10:24:46,666 - ProtonAppLogger - INFO - Bridge Controller Initialized
2025-12-30 10:25:39,809 - ProtonAppLogger - INFO - Bridge Controller Initialized
2025-12-30 10:26:31,232 - ProtonAppLogger - INFO - Bridge Controller Initialized
2025-12-30 10:38:51,082 - ProtonAppLogger - INFO - Bridge Controller Initialized
2025-12-30 10:42:04,708 - ProtonAppLogger - INFO - Bridge Controller Initialized
2025-12-30 10:45:18,643 - ProtonAppLogger - INFO - Bridge Controller Initialized
2025-12-30 10:53:02,588 - ProtonAppLogger - INFO - Bridge Controller Initialized
2025-12-30 10:53:02,915 - ProtonAppLogger - INFO - [JS CLIENT] JavaScript Connected!
2025-12-30 10:53:07,840 - ProtonAppLogger - INFO - [JS CLIENT] Hello from JavaScript!
2025-12-30 10:53:12,834 - ProtonAppLogger - INFO - Counter changed to: 1
2025-12-30 10:53:14,057 - ProtonAppLogger - INFO - Counter changed to: 0
2025-12-30 10:53:14,254 - ProtonAppLogger - INFO - Counter changed to: -1
2025-12-30 10:53:14,556 - ProtonAppLogger - INFO - Counter changed to: 0
2025-12-30 10:53:14,723 - ProtonAppLogger - INFO - Counter changed to: 1
2025-12-30 10:53:14,910 - ProtonAppLogger - INFO - Counter changed to: 2
2025-12-30 10:53:15,061 - ProtonAppLogger - INFO - Counter changed to: 3
2025-12-30 10:53:15,233 - ProtonAppLogger - INFO - Counter changed to: 4
2025-12-30 10:53:15,381 - ProtonAppLogger - INFO - Counter changed to: 5
2025-12-30 10:56:03,490 - ProtonAppLogger - INFO - Bridge Controller Initialized
2025-12-30 10:56:03,834 - ProtonAppLogger - INFO - [JS CLIENT] JavaScript Connected!
2025-12-30 10:59:38,692 - ProtonAppLogger - INFO - Bridge Controller Initialized
2025-12-30 10:59:39,109 - ProtonAppLogger - INFO - [JS CLIENT] JavaScript Connected!
